// Jest Snapshot v1, https://goo.gl/fbAQLP

exports[`Home - unit renders correctly 1`] = `ShallowWrapper {}`;
